// Vitest Snapshot v1, https://vitest.dev/guide/snapshot.html

exports[`Calculation Parity Tests (Frontend) > snapshots all fixture outputs for cross-platform comparison 1`] = `
{
  "basic_ups_us_wooden_box": {
    "billableWeight": 54,
    "breakdown": {
      "appliedSurcharges": undefined,
      "carrierAddOnDetails": [
        {
          "amount": 3642,
          "code": "IHF",
          "fscAmount": 0,
          "nameEn": "International Processing Fee",
          "nameKo": "국제 처리 수수료",
        },
        {
          "amount": 42800,
          "code": "AHS",
          "fscAmount": 12840,
          "nameEn": "Additional Handling",
          "nameKo": "비규격품부가요금",
        },
        {
          "amount": 38880,
          "code": "SGF",
          "fscAmount": 11664,
          "nameEn": "Surge Fee (U.S. & Americas)",
          "nameKo": "급증수수료 (U.S. & Americas)",
        },
      ],
      "carrierAddOnTotal": 109826,
      "destDuty": 0,
      "handlingFees": 0,
      "intlBase": 658692,
      "intlFsc": 227249,
      "intlManualSurge": undefined,
      "intlSurge": 0,
      "intlSystemSurcharge": undefined,
      "intlWarRisk": 0,
      "packingFumigation": 30000,
      "packingLabor": 100000,
      "packingMaterial": 47700,
      "pickupInSeoul": 0,
      "totalCost": 1143826,
    },
    "carrier": "UPS",
    "profitMargin": 15,
    "totalCostAmount": 1143826,
    "totalQuoteAmount": 1272300,
    "totalQuoteAmountUSD": 908.79,
  },
  "dhl_eu_with_pickup": {
    "billableWeight": 5,
    "breakdown": {
      "appliedSurcharges": undefined,
      "carrierAddOnDetails": undefined,
      "carrierAddOnTotal": undefined,
      "destDuty": 0,
      "handlingFees": 0,
      "intlBase": 153482,
      "intlFsc": 51570,
      "intlManualSurge": undefined,
      "intlSurge": 0,
      "intlSystemSurcharge": undefined,
      "intlWarRisk": 0,
      "packingFumigation": 0,
      "packingLabor": 0,
      "packingMaterial": 0,
      "pickupInSeoul": 50000,
      "totalCost": 246457,
    },
    "carrier": "DHL",
    "profitMargin": 20,
    "totalCostAmount": 246457,
    "totalQuoteAmount": 285800,
    "totalQuoteAmountUSD": 204.14,
  },
  "dhl_gb_zero_margin": {
    "billableWeight": 8,
    "breakdown": {
      "appliedSurcharges": undefined,
      "carrierAddOnDetails": undefined,
      "carrierAddOnTotal": undefined,
      "destDuty": 0,
      "handlingFees": 0,
      "intlBase": 201818,
      "intlFsc": 60545,
      "intlManualSurge": undefined,
      "intlSurge": 0,
      "intlSystemSurcharge": undefined,
      "intlWarRisk": 0,
      "packingFumigation": 0,
      "packingLabor": 0,
      "packingMaterial": 0,
      "pickupInSeoul": 0,
      "totalCost": 262363,
    },
    "carrier": "DHL",
    "profitMargin": 0,
    "totalCostAmount": 262363,
    "totalQuoteAmount": 262400,
    "totalQuoteAmountUSD": 187.43,
  },
  "dhl_sg_no_packing": {
    "billableWeight": 10,
    "breakdown": {
      "appliedSurcharges": undefined,
      "carrierAddOnDetails": undefined,
      "carrierAddOnTotal": undefined,
      "destDuty": 0,
      "handlingFees": 0,
      "intlBase": 114874,
      "intlFsc": 39632,
      "intlManualSurge": undefined,
      "intlSurge": 0,
      "intlSystemSurcharge": undefined,
      "intlWarRisk": 0,
      "packingFumigation": 0,
      "packingLabor": 0,
      "packingMaterial": 0,
      "pickupInSeoul": 0,
      "totalCost": 149336,
    },
    "carrier": "DHL",
    "profitMargin": 15,
    "totalCostAmount": 149336,
    "totalQuoteAmount": 171800,
    "totalQuoteAmountUSD": 122.71,
  },
  "fedex_ahd_dimension": {
    "billableWeight": 21.96,
    "breakdown": {
      "appliedSurcharges": undefined,
      "carrierAddOnDetails": [
        {
          "amount": 35600,
          "code": "AHD",
          "fscAmount": 10680,
          "nameEn": "Additional Handling – Dimension",
          "nameKo": "추가 취급 요금 – 용적",
        },
      ],
      "carrierAddOnTotal": 46280,
      "destDuty": 0,
      "handlingFees": 0,
      "intlBase": 238920,
      "intlFsc": 82427,
      "intlManualSurge": undefined,
      "intlSurge": 0,
      "intlSystemSurcharge": undefined,
      "intlWarRisk": 0,
      "packingFumigation": 0,
      "packingLabor": 0,
      "packingMaterial": 0,
      "pickupInSeoul": 0,
      "totalCost": 356876,
    },
    "carrier": "FEDEX",
    "profitMargin": 15,
    "totalCostAmount": 356876,
    "totalQuoteAmount": 403500,
    "totalQuoteAmountUSD": 310.38,
  },
  "fedex_ahd_min_chargeable_18kg": {
    "billableWeight": 18,
    "breakdown": {
      "appliedSurcharges": undefined,
      "carrierAddOnDetails": [
        {
          "amount": 35600,
          "code": "AHD",
          "fscAmount": 10680,
          "nameEn": "Additional Handling – Dimension",
          "nameKo": "추가 취급 요금 – 용적",
        },
      ],
      "carrierAddOnTotal": 46280,
      "destDuty": 0,
      "handlingFees": 0,
      "intlBase": 209460,
      "intlFsc": 72264,
      "intlManualSurge": undefined,
      "intlSurge": 0,
      "intlSystemSurcharge": undefined,
      "intlWarRisk": 0,
      "packingFumigation": 0,
      "packingLabor": 0,
      "packingMaterial": 0,
      "pickupInSeoul": 0,
      "totalCost": 318578,
    },
    "carrier": "FEDEX",
    "profitMargin": 15,
    "totalCostAmount": 318578,
    "totalQuoteAmount": 359500,
    "totalQuoteAmountUSD": 276.54,
  },
  "fedex_dangerous_goods_greater_of": {
    "billableWeight": 100,
    "breakdown": {
      "appliedSurcharges": undefined,
      "carrierAddOnDetails": [
        {
          "amount": 378200,
          "code": "UNA",
          "fscAmount": 113460,
          "nameEn": "Unauthorized Package Charge",
          "nameKo": "미허가 패키지 처리 추가 요금",
        },
        {
          "amount": 236000,
          "code": "DGA",
          "fscAmount": 70800,
          "nameEn": "Accessible Dangerous Goods",
          "nameKo": "근접 위험물",
        },
      ],
      "carrierAddOnTotal": 798460,
      "destDuty": 0,
      "handlingFees": 0,
      "intlBase": 938000,
      "intlFsc": 323610,
      "intlManualSurge": undefined,
      "intlSurge": 0,
      "intlSystemSurcharge": undefined,
      "intlWarRisk": 0,
      "packingFumigation": 0,
      "packingLabor": 0,
      "packingMaterial": 0,
      "pickupInSeoul": 0,
      "totalCost": 2017860,
    },
    "carrier": "FEDEX",
    "profitMargin": 15,
    "totalCostAmount": 2017860,
    "totalQuoteAmount": 2200800,
    "totalQuoteAmountUSD": 1692.92,
  },
  "fedex_db_override_flips_highest_only": {
    "billableWeight": 45,
    "breakdown": {
      "appliedSurcharges": undefined,
      "carrierAddOnDetails": [
        {
          "amount": 80000,
          "code": "AHD",
          "fscAmount": 24000,
          "nameEn": "AH Dimension",
          "nameKo": "용적",
        },
      ],
      "carrierAddOnTotal": 104000,
      "destDuty": 0,
      "handlingFees": 0,
      "intlBase": 460350,
      "intlFsc": 158821,
      "intlManualSurge": undefined,
      "intlSurge": 0,
      "intlSystemSurcharge": undefined,
      "intlWarRisk": 0,
      "packingFumigation": 0,
      "packingLabor": 0,
      "packingMaterial": 0,
      "pickupInSeoul": 0,
      "totalCost": 702455,
    },
    "carrier": "FEDEX",
    "profitMargin": 15,
    "totalCostAmount": 702455,
    "totalQuoteAmount": 792300,
    "totalQuoteAmountUSD": 609.46,
  },
  "fedex_db_override_per_kg": {
    "billableWeight": 100,
    "breakdown": {
      "appliedSurcharges": undefined,
      "carrierAddOnDetails": [
        {
          "amount": 70000,
          "code": "OVR",
          "fscAmount": 21000,
          "nameEn": "Oversize Charge",
          "nameKo": "특대형",
        },
        {
          "amount": 500000,
          "code": "DGA",
          "fscAmount": 150000,
          "nameEn": "Accessible DG",
          "nameKo": "근접위험물",
        },
      ],
      "carrierAddOnTotal": 741000,
      "destDuty": 0,
      "handlingFees": 0,
      "intlBase": 938000,
      "intlFsc": 323610,
      "intlManualSurge": undefined,
      "intlSurge": 0,
      "intlSystemSurcharge": undefined,
      "intlWarRisk": 0,
      "packingFumigation": 0,
      "packingLabor": 0,
      "packingMaterial": 0,
      "pickupInSeoul": 0,
      "totalCost": 1960400,
    },
    "carrier": "FEDEX",
    "profitMargin": 15,
    "totalCostAmount": 1960400,
    "totalQuoteAmount": 2143400,
    "totalQuoteAmountUSD": 1648.77,
  },
  "fedex_db_override_selected": {
    "billableWeight": 10,
    "breakdown": {
      "appliedSurcharges": undefined,
      "carrierAddOnDetails": [
        {
          "amount": 99999,
          "code": "SPU",
          "fscAmount": 29999.699999999997,
          "nameEn": "Saturday Pickup",
          "nameKo": "토요일 픽업",
        },
      ],
      "carrierAddOnTotal": 129998.7,
      "destDuty": 0,
      "handlingFees": 0,
      "intlBase": 163660,
      "intlFsc": 56463,
      "intlManualSurge": undefined,
      "intlSurge": 0,
      "intlSystemSurcharge": undefined,
      "intlWarRisk": 0,
      "packingFumigation": 0,
      "packingLabor": 0,
      "packingMaterial": 0,
      "pickupInSeoul": 0,
      "totalCost": 342756.7,
    },
    "carrier": "FEDEX",
    "profitMargin": 15,
    "totalCostAmount": 342756.7,
    "totalQuoteAmount": 374700,
    "totalQuoteAmountUSD": 288.23,
  },
  "fedex_db_partial_drops_missing_codes": {
    "billableWeight": 10,
    "breakdown": {
      "appliedSurcharges": undefined,
      "carrierAddOnDetails": undefined,
      "carrierAddOnTotal": undefined,
      "destDuty": 0,
      "handlingFees": 0,
      "intlBase": 218470,
      "intlFsc": 75372,
      "intlManualSurge": undefined,
      "intlSurge": 0,
      "intlSystemSurcharge": undefined,
      "intlWarRisk": 0,
      "packingFumigation": 0,
      "packingLabor": 0,
      "packingMaterial": 0,
      "pickupInSeoul": 0,
      "totalCost": 284011,
    },
    "carrier": "FEDEX",
    "profitMargin": 15,
    "totalCostAmount": 284011,
    "totalQuoteAmount": 326700,
    "totalQuoteAmountUSD": 251.31,
  },
  "fedex_declared_value_steps": {
    "billableWeight": 10,
    "breakdown": {
      "appliedSurcharges": undefined,
      "carrierAddOnDetails": [
        {
          "amount": 5680,
          "code": "DVL",
          "fscAmount": 0,
          "nameEn": "Declared Value Surcharge",
          "nameKo": "운송 신고 금액 추가 비용",
        },
      ],
      "carrierAddOnTotal": 5680,
      "destDuty": 0,
      "handlingFees": 0,
      "intlBase": 163660,
      "intlFsc": 56463,
      "intlManualSurge": undefined,
      "intlSurge": 0,
      "intlSystemSurcharge": undefined,
      "intlWarRisk": 0,
      "packingFumigation": 0,
      "packingLabor": 0,
      "packingMaterial": 0,
      "pickupInSeoul": 0,
      "totalCost": 218438,
    },
    "carrier": "FEDEX",
    "profitMargin": 15,
    "totalCostAmount": 218438,
    "totalQuoteAmount": 250400,
    "totalQuoteAmountUSD": 192.62,
  },
  "fedex_dry_ice_waived_with_dg": {
    "billableWeight": 10,
    "breakdown": {
      "appliedSurcharges": undefined,
      "carrierAddOnDetails": [
        {
          "amount": 152100,
          "code": "DGA",
          "fscAmount": 45630,
          "nameEn": "Accessible Dangerous Goods",
          "nameKo": "근접 위험물",
        },
      ],
      "carrierAddOnTotal": 197730,
      "destDuty": 0,
      "handlingFees": 0,
      "intlBase": 163660,
      "intlFsc": 56463,
      "intlManualSurge": undefined,
      "intlSurge": 0,
      "intlSystemSurcharge": undefined,
      "intlWarRisk": 0,
      "packingFumigation": 0,
      "packingLabor": 0,
      "packingMaterial": 0,
      "pickupInSeoul": 0,
      "totalCost": 410488,
    },
    "carrier": "FEDEX",
    "profitMargin": 15,
    "totalCostAmount": 410488,
    "totalQuoteAmount": 442500,
    "totalQuoteAmountUSD": 340.38,
  },
  "fedex_jp_plain": {
    "billableWeight": 10,
    "breakdown": {
      "appliedSurcharges": undefined,
      "carrierAddOnDetails": undefined,
      "carrierAddOnTotal": undefined,
      "destDuty": 0,
      "handlingFees": 0,
      "intlBase": 163660,
      "intlFsc": 56463,
      "intlManualSurge": undefined,
      "intlSurge": 0,
      "intlSystemSurcharge": undefined,
      "intlWarRisk": 0,
      "packingFumigation": 0,
      "packingLabor": 0,
      "packingMaterial": 0,
      "pickupInSeoul": 0,
      "totalCost": 212758,
    },
    "carrier": "FEDEX",
    "profitMargin": 15,
    "totalCostAmount": 212758,
    "totalQuoteAmount": 244700,
    "totalQuoteAmountUSD": 188.23,
  },
  "fedex_mixed_boxes_per_package": {
    "billableWeight": 75,
    "breakdown": {
      "appliedSurcharges": undefined,
      "carrierAddOnDetails": [
        {
          "amount": 86000,
          "code": "OVR",
          "fscAmount": 25800,
          "nameEn": "Oversize Charge",
          "nameKo": "특대형 화물 취급 요금",
        },
        {
          "amount": 35600,
          "code": "AHW",
          "fscAmount": 10680,
          "nameEn": "Additional Handling – Weight",
          "nameKo": "추가 취급 요금 – 중량",
        },
      ],
      "carrierAddOnTotal": 158080,
      "destDuty": 0,
      "handlingFees": 0,
      "intlBase": 739500,
      "intlFsc": 255127,
      "intlManualSurge": undefined,
      "intlSurge": 0,
      "intlSystemSurcharge": undefined,
      "intlWarRisk": 0,
      "packingFumigation": 0,
      "packingLabor": 0,
      "packingMaterial": 0,
      "pickupInSeoul": 0,
      "totalCost": 1119430,
    },
    "carrier": "FEDEX",
    "profitMargin": 15,
    "totalCostAmount": 1119430,
    "totalQuoteAmount": 1263700,
    "totalQuoteAmountUSD": 972.08,
  },
  "fedex_oversize_highest_only": {
    "billableWeight": 45,
    "breakdown": {
      "appliedSurcharges": undefined,
      "carrierAddOnDetails": [
        {
          "amount": 86000,
          "code": "OVR",
          "fscAmount": 25800,
          "nameEn": "Oversize Charge",
          "nameKo": "특대형 화물 취급 요금",
        },
      ],
      "carrierAddOnTotal": 111800,
      "destDuty": 0,
      "handlingFees": 0,
      "intlBase": 460350,
      "intlFsc": 158821,
      "intlManualSurge": undefined,
      "intlSurge": 0,
      "intlSystemSurcharge": undefined,
      "intlWarRisk": 0,
      "packingFumigation": 0,
      "packingLabor": 0,
      "packingMaterial": 0,
      "pickupInSeoul": 0,
      "totalCost": 710255,
    },
    "carrier": "FEDEX",
    "profitMargin": 15,
    "totalCostAmount": 710255,
    "totalQuoteAmount": 800100,
    "totalQuoteAmountUSD": 615.46,
  },
  "fedex_unauthorized_highest_only": {
    "billableWeight": 70,
    "breakdown": {
      "appliedSurcharges": undefined,
      "carrierAddOnDetails": [
        {
          "amount": 378200,
          "code": "UNA",
          "fscAmount": 113460,
          "nameEn": "Unauthorized Package Charge",
          "nameKo": "미허가 패키지 처리 추가 요금",
        },
      ],
      "carrierAddOnTotal": 491660,
      "destDuty": 0,
      "handlingFees": 0,
      "intlBase": 716100,
      "intlFsc": 247054,
      "intlManualSurge": undefined,
      "intlSurge": 0,
      "intlSystemSurcharge": undefined,
      "intlWarRisk": 0,
      "packingFumigation": 0,
      "packingLabor": 0,
      "packingMaterial": 0,
      "pickupInSeoul": 0,
      "totalCost": 1422590,
    },
    "carrier": "FEDEX",
    "profitMargin": 15,
    "totalCostAmount": 1422590,
    "totalQuoteAmount": 1562300,
    "totalQuoteAmountUSD": 1201.77,
  },
  "fedex_us_import_fee": {
    "billableWeight": 10,
    "breakdown": {
      "appliedSurcharges": undefined,
      "carrierAddOnDetails": [
        {
          "amount": 3900,
          "code": "USI",
          "fscAmount": 0,
          "nameEn": "U.S. Import Processing Fee",
          "nameKo": "미국 수입 처리 수수료",
        },
      ],
      "carrierAddOnTotal": 3900,
      "destDuty": 0,
      "handlingFees": 0,
      "intlBase": 218470,
      "intlFsc": 75372,
      "intlManualSurge": undefined,
      "intlSurge": 0,
      "intlSystemSurcharge": undefined,
      "intlWarRisk": 0,
      "packingFumigation": 0,
      "packingLabor": 0,
      "packingMaterial": 0,
      "pickupInSeoul": 0,
      "totalCost": 287911,
    },
    "carrier": "FEDEX",
    "profitMargin": 15,
    "totalCostAmount": 287911,
    "totalQuoteAmount": 330600,
    "totalQuoteAmountUSD": 254.31,
  },
  "fedex_wooden_box_packaging": {
    "billableWeight": 21,
    "breakdown": {
      "appliedSurcharges": undefined,
      "carrierAddOnDetails": [
        {
          "amount": 35600,
          "code": "AHP",
          "fscAmount": 10680,
          "nameEn": "Additional Handling – Packaging",
          "nameKo": "추가 취급 요금 – 패키징",
        },
      ],
      "carrierAddOnTotal": 46280,
      "destDuty": 0,
      "handlingFees": 0,
      "intlBase": 228060,
      "intlFsc": 78681,
      "intlManualSurge": undefined,
      "intlSurge": 0,
      "intlSystemSurcharge": undefined,
      "intlWarRisk": 0,
      "packingFumigation": 30000,
      "packingLabor": 50000,
      "packingMaterial": 18150,
      "pickupInSeoul": 0,
      "totalCost": 440908,
    },
    "carrier": "FEDEX",
    "profitMargin": 15,
    "totalCostAmount": 440908,
    "totalQuoteAmount": 485400,
    "totalQuoteAmountUSD": 373.38,
  },
  "ups_au_high_volumetric": {
    "billableWeight": 222.3,
    "breakdown": {
      "appliedSurcharges": undefined,
      "carrierAddOnDetails": [
        {
          "amount": 3642,
          "code": "IHF",
          "fscAmount": 0,
          "nameEn": "International Processing Fee",
          "nameKo": "국제 처리 수수료",
        },
        {
          "amount": 21400,
          "code": "AHS",
          "fscAmount": 6420,
          "nameEn": "Additional Handling",
          "nameKo": "비규격품부가요금",
        },
        {
          "amount": 31889,
          "code": "SGF",
          "fscAmount": 9566.699999999999,
          "nameEn": "Surge Fee (Asia Pacific)",
          "nameKo": "급증수수료 (Asia Pacific)",
        },
      ],
      "carrierAddOnTotal": 72917.7,
      "destDuty": 0,
      "handlingFees": 0,
      "intlBase": 2313402,
      "intlFsc": 798124,
      "intlManualSurge": undefined,
      "intlSurge": 0,
      "intlSystemSurcharge": undefined,
      "intlWarRisk": 0,
      "packingFumigation": 30000,
      "packingLabor": 50000,
      "packingMaterial": 97800,
      "pickupInSeoul": 0,
      "totalCost": 3258140.7,
    },
    "carrier": "UPS",
    "profitMargin": 15,
    "totalCostAmount": 3258140.7,
    "totalQuoteAmount": 3709300,
    "totalQuoteAmountUSD": 2649.5,
  },
  "ups_jp_manual_packing": {
    "billableWeight": 63,
    "breakdown": {
      "appliedSurcharges": undefined,
      "carrierAddOnDetails": [
        {
          "amount": 3642,
          "code": "IHF",
          "fscAmount": 0,
          "nameEn": "International Processing Fee",
          "nameKo": "국제 처리 수수료",
        },
        {
          "amount": 64200,
          "code": "AHS",
          "fscAmount": 19260,
          "nameEn": "Additional Handling",
          "nameKo": "비규격품부가요금",
        },
        {
          "amount": 9009,
          "code": "SGF",
          "fscAmount": 2702.7,
          "nameEn": "Surge Fee (Asia Pacific)",
          "nameKo": "급증수수료 (Asia Pacific)",
        },
      ],
      "carrierAddOnTotal": 98813.7,
      "destDuty": 0,
      "handlingFees": 0,
      "intlBase": 478800,
      "intlFsc": 169495,
      "intlManualSurge": undefined,
      "intlSurge": 0,
      "intlSystemSurcharge": undefined,
      "intlWarRisk": 0,
      "packingFumigation": 0,
      "packingLabor": 0,
      "packingMaterial": 100000,
      "pickupInSeoul": 0,
      "totalCost": 821253.7,
    },
    "carrier": "UPS",
    "profitMargin": 18,
    "totalCostAmount": 821253.7,
    "totalQuoteAmount": 933300,
    "totalQuoteAmountUSD": 666.64,
  },
  "ups_us_ddp_full_options": {
    "billableWeight": 65,
    "breakdown": {
      "appliedSurcharges": undefined,
      "carrierAddOnDetails": [
        {
          "amount": 3642,
          "code": "IHF",
          "fscAmount": 0,
          "nameEn": "International Processing Fee",
          "nameKo": "국제 처리 수수료",
        },
        {
          "amount": 64200,
          "code": "AHS",
          "fscAmount": 19260,
          "nameEn": "Additional Handling",
          "nameKo": "비규격품부가요금",
        },
        {
          "amount": 28500,
          "code": "DDP",
          "fscAmount": 0,
          "nameEn": "DDP Service Fee",
          "nameKo": "DDP 수수료",
        },
        {
          "amount": 46800,
          "code": "SGF",
          "fscAmount": 14040,
          "nameEn": "Surge Fee (U.S. & Americas)",
          "nameKo": "급증수수료 (U.S. & Americas)",
        },
      ],
      "carrierAddOnTotal": 176442,
      "destDuty": 200000,
      "handlingFees": 0,
      "intlBase": 792870,
      "intlFsc": 273540,
      "intlManualSurge": 35000,
      "intlSurge": 35000,
      "intlSystemSurcharge": undefined,
      "intlWarRisk": 0,
      "packingFumigation": 30000,
      "packingLabor": 150000,
      "packingMaterial": 48000,
      "pickupInSeoul": 60000,
      "totalCost": 1730173,
    },
    "carrier": "UPS",
    "profitMargin": 15,
    "totalCostAmount": 1730173,
    "totalQuoteAmount": 1884800,
    "totalQuoteAmountUSD": 1346.29,
  },
  "ups_vn_vacuum_fob": {
    "billableWeight": 93,
    "breakdown": {
      "appliedSurcharges": undefined,
      "carrierAddOnDetails": [
        {
          "amount": 3642,
          "code": "IHF",
          "fscAmount": 0,
          "nameEn": "International Processing Fee",
          "nameKo": "국제 처리 수수료",
        },
        {
          "amount": 42800,
          "code": "AHS",
          "fscAmount": 12840,
          "nameEn": "Additional Handling",
          "nameKo": "비규격품부가요금",
        },
        {
          "amount": 13299,
          "code": "SGF",
          "fscAmount": 3989.7,
          "nameEn": "Surge Fee (Asia Pacific)",
          "nameKo": "급증수수료 (Asia Pacific)",
        },
      ],
      "carrierAddOnTotal": 76570.7,
      "destDuty": 0,
      "handlingFees": 0,
      "intlBase": 653790,
      "intlFsc": 245171,
      "intlManualSurge": undefined,
      "intlSurge": 0,
      "intlSystemSurcharge": undefined,
      "intlWarRisk": 0,
      "packingFumigation": 30000,
      "packingLabor": 150000,
      "packingMaterial": 68100,
      "pickupInSeoul": 0,
      "totalCost": 1174597.7,
    },
    "carrier": "UPS",
    "profitMargin": 25,
    "totalCostAmount": 1174597.7,
    "totalQuoteAmount": 1387100,
    "totalQuoteAmountUSD": 990.79,
  },
}
`;
