// Vitest Snapshot v1, https://vitest.dev/guide/snapshot.html

exports[`Calculation Parity Tests (Frontend) > snapshots all fixture outputs for cross-platform comparison 1`] = `
{
  "basic_ups_us_wooden_box": {
    "billableWeight": 54,
    "breakdown": {
      "appliedSurcharges": undefined,
      "carrierAddOnDetails": [
        {
          "amount": 3642,
          "code": "IHF",
          "fscAmount": 0,
          "nameEn": "International Processing Fee",
          "nameKo": "국제 처리 수수료",
        },
        {
          "amount": 42800,
          "code": "AHS",
          "fscAmount": 12840,
          "nameEn": "Additional Handling",
          "nameKo": "비규격품부가요금",
        },
        {
          "amount": 38880,
          "code": "SGF",
          "fscAmount": 11664,
          "nameEn": "Surge Fee (U.S. & Americas)",
          "nameKo": "급증수수료 (U.S. & Americas)",
        },
      ],
      "carrierAddOnTotal": 109826,
      "destDuty": 0,
      "handlingFees": 0,
      "intlBase": 658692,
      "intlFsc": 227249,
      "intlManualSurge": undefined,
      "intlSurge": 0,
      "intlSystemSurcharge": undefined,
      "intlWarRisk": 0,
      "packingFumigation": 30000,
      "packingLabor": 100000,
      "packingMaterial": 47700,
      "pickupInSeoul": 0,
      "totalCost": 1143826,
    },
    "carrier": "UPS",
    "profitMargin": 15,
    "totalCostAmount": 1143826,
    "totalQuoteAmount": 1272300,
    "totalQuoteAmountUSD": 908.79,
  },
  "dhl_eu_with_pickup": {
    "billableWeight": 5,
    "breakdown": {
      "appliedSurcharges": undefined,
      "carrierAddOnDetails": undefined,
      "carrierAddOnTotal": undefined,
      "destDuty": 0,
      "handlingFees": 0,
      "intlBase": 153482,
      "intlFsc": 51570,
      "intlManualSurge": undefined,
      "intlSurge": 0,
      "intlSystemSurcharge": undefined,
      "intlWarRisk": 0,
      "packingFumigation": 0,
      "packingLabor": 0,
      "packingMaterial": 0,
      "pickupInSeoul": 50000,
      "totalCost": 246457,
    },
    "carrier": "DHL",
    "profitMargin": 20,
    "totalCostAmount": 246457,
    "totalQuoteAmount": 285800,
    "totalQuoteAmountUSD": 204.14,
  },
  "dhl_gb_zero_margin": {
    "billableWeight": 8,
    "breakdown": {
      "appliedSurcharges": undefined,
      "carrierAddOnDetails": undefined,
      "carrierAddOnTotal": undefined,
      "destDuty": 0,
      "handlingFees": 0,
      "intlBase": 201818,
      "intlFsc": 60545,
      "intlManualSurge": undefined,
      "intlSurge": 0,
      "intlSystemSurcharge": undefined,
      "intlWarRisk": 0,
      "packingFumigation": 0,
      "packingLabor": 0,
      "packingMaterial": 0,
      "pickupInSeoul": 0,
      "totalCost": 262363,
    },
    "carrier": "DHL",
    "profitMargin": 0,
    "totalCostAmount": 262363,
    "totalQuoteAmount": 262400,
    "totalQuoteAmountUSD": 187.43,
  },
  "dhl_sg_no_packing": {
    "billableWeight": 10,
    "breakdown": {
      "appliedSurcharges": undefined,
      "carrierAddOnDetails": undefined,
      "carrierAddOnTotal": undefined,
      "destDuty": 0,
      "handlingFees": 0,
      "intlBase": 114874,
      "intlFsc": 39632,
      "intlManualSurge": undefined,
      "intlSurge": 0,
      "intlSystemSurcharge": undefined,
      "intlWarRisk": 0,
      "packingFumigation": 0,
      "packingLabor": 0,
      "packingMaterial": 0,
      "pickupInSeoul": 0,
      "totalCost": 149336,
    },
    "carrier": "DHL",
    "profitMargin": 15,
    "totalCostAmount": 149336,
    "totalQuoteAmount": 171800,
    "totalQuoteAmountUSD": 122.71,
  },
  "ups_au_high_volumetric": {
    "billableWeight": 222.3,
    "breakdown": {
      "appliedSurcharges": undefined,
      "carrierAddOnDetails": [
        {
          "amount": 3642,
          "code": "IHF",
          "fscAmount": 0,
          "nameEn": "International Processing Fee",
          "nameKo": "국제 처리 수수료",
        },
        {
          "amount": 21400,
          "code": "AHS",
          "fscAmount": 6420,
          "nameEn": "Additional Handling",
          "nameKo": "비규격품부가요금",
        },
        {
          "amount": 31889,
          "code": "SGF",
          "fscAmount": 9566.699999999999,
          "nameEn": "Surge Fee (Asia Pacific)",
          "nameKo": "급증수수료 (Asia Pacific)",
        },
      ],
      "carrierAddOnTotal": 72917.7,
      "destDuty": 0,
      "handlingFees": 0,
      "intlBase": 2313402,
      "intlFsc": 798124,
      "intlManualSurge": undefined,
      "intlSurge": 0,
      "intlSystemSurcharge": undefined,
      "intlWarRisk": 0,
      "packingFumigation": 30000,
      "packingLabor": 50000,
      "packingMaterial": 97800,
      "pickupInSeoul": 0,
      "totalCost": 3258140.7,
    },
    "carrier": "UPS",
    "profitMargin": 15,
    "totalCostAmount": 3258140.7,
    "totalQuoteAmount": 3709300,
    "totalQuoteAmountUSD": 2649.5,
  },
  "ups_jp_manual_packing": {
    "billableWeight": 63,
    "breakdown": {
      "appliedSurcharges": undefined,
      "carrierAddOnDetails": [
        {
          "amount": 3642,
          "code": "IHF",
          "fscAmount": 0,
          "nameEn": "International Processing Fee",
          "nameKo": "국제 처리 수수료",
        },
        {
          "amount": 64200,
          "code": "AHS",
          "fscAmount": 19260,
          "nameEn": "Additional Handling",
          "nameKo": "비규격품부가요금",
        },
        {
          "amount": 9009,
          "code": "SGF",
          "fscAmount": 2702.7,
          "nameEn": "Surge Fee (Asia Pacific)",
          "nameKo": "급증수수료 (Asia Pacific)",
        },
      ],
      "carrierAddOnTotal": 98813.7,
      "destDuty": 0,
      "handlingFees": 0,
      "intlBase": 478800,
      "intlFsc": 169495,
      "intlManualSurge": undefined,
      "intlSurge": 0,
      "intlSystemSurcharge": undefined,
      "intlWarRisk": 0,
      "packingFumigation": 0,
      "packingLabor": 0,
      "packingMaterial": 100000,
      "pickupInSeoul": 0,
      "totalCost": 821253.7,
    },
    "carrier": "UPS",
    "profitMargin": 18,
    "totalCostAmount": 821253.7,
    "totalQuoteAmount": 933300,
    "totalQuoteAmountUSD": 666.64,
  },
  "ups_us_ddp_full_options": {
    "billableWeight": 65,
    "breakdown": {
      "appliedSurcharges": undefined,
      "carrierAddOnDetails": [
        {
          "amount": 3642,
          "code": "IHF",
          "fscAmount": 0,
          "nameEn": "International Processing Fee",
          "nameKo": "국제 처리 수수료",
        },
        {
          "amount": 64200,
          "code": "AHS",
          "fscAmount": 19260,
          "nameEn": "Additional Handling",
          "nameKo": "비규격품부가요금",
        },
        {
          "amount": 28500,
          "code": "DDP",
          "fscAmount": 0,
          "nameEn": "DDP Service Fee",
          "nameKo": "DDP 수수료",
        },
        {
          "amount": 46800,
          "code": "SGF",
          "fscAmount": 14040,
          "nameEn": "Surge Fee (U.S. & Americas)",
          "nameKo": "급증수수료 (U.S. & Americas)",
        },
      ],
      "carrierAddOnTotal": 176442,
      "destDuty": 200000,
      "handlingFees": 0,
      "intlBase": 792870,
      "intlFsc": 273540,
      "intlManualSurge": 35000,
      "intlSurge": 35000,
      "intlSystemSurcharge": undefined,
      "intlWarRisk": 0,
      "packingFumigation": 30000,
      "packingLabor": 150000,
      "packingMaterial": 48000,
      "pickupInSeoul": 60000,
      "totalCost": 1730173,
    },
    "carrier": "UPS",
    "profitMargin": 15,
    "totalCostAmount": 1730173,
    "totalQuoteAmount": 1884800,
    "totalQuoteAmountUSD": 1346.29,
  },
  "ups_vn_vacuum_fob": {
    "billableWeight": 93,
    "breakdown": {
      "appliedSurcharges": undefined,
      "carrierAddOnDetails": [
        {
          "amount": 3642,
          "code": "IHF",
          "fscAmount": 0,
          "nameEn": "International Processing Fee",
          "nameKo": "국제 처리 수수료",
        },
        {
          "amount": 42800,
          "code": "AHS",
          "fscAmount": 12840,
          "nameEn": "Additional Handling",
          "nameKo": "비규격품부가요금",
        },
        {
          "amount": 13299,
          "code": "SGF",
          "fscAmount": 3989.7,
          "nameEn": "Surge Fee (Asia Pacific)",
          "nameKo": "급증수수료 (Asia Pacific)",
        },
      ],
      "carrierAddOnTotal": 76570.7,
      "destDuty": 0,
      "handlingFees": 0,
      "intlBase": 653790,
      "intlFsc": 245171,
      "intlManualSurge": undefined,
      "intlSurge": 0,
      "intlSystemSurcharge": undefined,
      "intlWarRisk": 0,
      "packingFumigation": 30000,
      "packingLabor": 150000,
      "packingMaterial": 68100,
      "pickupInSeoul": 0,
      "totalCost": 1174597.7,
    },
    "carrier": "UPS",
    "profitMargin": 25,
    "totalCostAmount": 1174597.7,
    "totalQuoteAmount": 1387100,
    "totalQuoteAmountUSD": 990.79,
  },
}
`;
